c:\users\giahu\source\tft\lvgl\src\misc\lv_area.h:110:20:lv_area_copy	16	static
c:\users\giahu\source\tft\lvgl\src\misc\lv_color.h:443:48:lv_color_mix	24	static
c:\users\giahu\source\tft\lvgl\src\misc\lv_color.h:592:26:lv_color_make	16	static
c:\users\giahu\source\tft\lvgl\src\misc\lv_color.h:597:26:lv_color_hex	24	static
c:\users\giahu\source\tft\lvgl\src\misc\lv_color.h:693:26:lv_color_white	8	static
C:/Users/giahu/source/TFT/lvgl/src/core/lv_obj_style_gen.h:337:26:lv_obj_get_style_img_recolor	24	static
../lvgl/src/widgets/lv_canvas.c:54:12:lv_canvas_create	24	static
../lvgl/src/widgets/lv_canvas.c:66:6:lv_canvas_set_buffer	32	static
../lvgl/src/widgets/lv_canvas.c:81:6:lv_canvas_set_px_color	32	static
../lvgl/src/widgets/lv_canvas.c:91:6:lv_canvas_set_px_opa	32	static
../lvgl/src/widgets/lv_canvas.c:101:6:lv_canvas_set_palette	24	static
../lvgl/src/widgets/lv_canvas.c:115:12:lv_canvas_get_px	24	static
../lvgl/src/widgets/lv_canvas.c:125:16:lv_canvas_get_img	24	static
../lvgl/src/widgets/lv_canvas.c:137:6:lv_canvas_copy_buf	48	static
../lvgl/src/widgets/lv_canvas.c:160:6:lv_canvas_transform	152	static
../lvgl/src/widgets/lv_canvas.c:263:6:lv_canvas_blur_hor	104	static
../lvgl/src/widgets/lv_canvas.c:391:6:lv_canvas_blur_ver	104	static
../lvgl/src/widgets/lv_canvas.c:524:6:lv_canvas_fill_bg	40	static
../lvgl/src/widgets/lv_canvas.c:553:6:lv_canvas_draw_rect	480	static
../lvgl/src/widgets/lv_canvas.c:597:6:lv_canvas_draw_text	488	static
../lvgl/src/widgets/lv_canvas.c:633:6:lv_canvas_draw_img	488	static
../lvgl/src/widgets/lv_canvas.c:676:6:lv_canvas_draw_line	480	static
../lvgl/src/widgets/lv_canvas.c:718:6:lv_canvas_draw_polygon	472	static
../lvgl/src/widgets/lv_canvas.c:756:6:lv_canvas_draw_arc	480	static
../lvgl/src/widgets/lv_canvas.c:803:13:lv_canvas_constructor	24	static
../lvgl/src/widgets/lv_canvas.c:822:13:lv_canvas_destructor	24	static
../lvgl/src/widgets/lv_canvas.c:832:13:init_fake_disp	32	static
../lvgl/src/widgets/lv_canvas.c:861:13:deinit_fake_disp	16	static
