C:/Users/giahu/source/TFT/lvgl/src/misc/lv_anim.h:121:20:lv_anim_set_var	16	static
C:/Users/giahu/source/TFT/lvgl/src/misc/lv_anim.h:133:20:lv_anim_set_exec_cb	16	static
C:/Users/giahu/source/TFT/lvgl/src/misc/lv_anim.h:143:20:lv_anim_set_time	16	static
C:/Users/giahu/source/TFT/lvgl/src/misc/lv_anim.h:164:20:lv_anim_set_values	24	static
C:/Users/giahu/source/TFT/lvgl/src/misc/lv_anim.h:191:20:lv_anim_set_path_cb	16	static
C:/Users/giahu/source/TFT/lvgl/src/misc/lv_anim.h:273:20:lv_anim_set_early_apply	16	static
c:\users\giahu\source\tft\lvgl\src\core\lv_obj_pos.h:199:20:lv_obj_center	16	static
C:/Users/giahu/source/TFT/lvgl/src/core/lv_disp.h:162:26:lv_scr_act	8	static
C:/Users/giahu/source/TFT/lvgl/src/widgets/lv_slider.h:106:20:lv_slider_set_range	24	static
C:/Users/giahu/source/TFT/lvgl/src/widgets/lv_slider.h:130:23:lv_slider_get_value	16	static
../lvgl/examples/anim/lv_example_anim_timeline_1.c:13:13:set_width	16	static
../lvgl/examples/anim/lv_example_anim_timeline_1.c:18:13:set_height	16	static
../lvgl/examples/anim/lv_example_anim_timeline_1.c:23:13:anim_timeline_create	392	static
../lvgl/examples/anim/lv_example_anim_timeline_1.c:92:13:btn_start_event_handler	24	static
../lvgl/examples/anim/lv_example_anim_timeline_1.c:105:13:btn_del_event_handler	16	static
../lvgl/examples/anim/lv_example_anim_timeline_1.c:114:13:btn_stop_event_handler	16	static
../lvgl/examples/anim/lv_example_anim_timeline_1.c:122:13:slider_prg_event_handler	24	static
../lvgl/examples/anim/lv_example_anim_timeline_1.c:137:6:lv_example_anim_timeline_1	40	static
