c:\users\giahu\source\tft\lvgl\src\misc\lv_color.h:592:26:lv_color_make	16	static
c:\users\giahu\source\tft\lvgl\src\misc\lv_color.h:597:26:lv_color_hex	24	static
c:\users\giahu\source\tft\lvgl\src\misc\lv_color.h:693:26:lv_color_white	8	static
c:\users\giahu\source\tft\lvgl\src\misc\lv_color.h:697:26:lv_color_black	8	static
c:\users\giahu\source\tft\lvgl\src\core\lv_obj_pos.h:199:20:lv_obj_center	16	static
C:/Users/giahu/source/TFT/lvgl/src/core/lv_disp.h:162:26:lv_scr_act	8	static
../lvgl/examples/widgets/label/lv_example_label_4.c:7:13:add_mask_event_cb	32	static
../lvgl/examples/widgets/label/lv_example_label_4.c:32:6:lv_example_label_4	56	static
