C:/Users/giahu/source/TFT/lvgl/src/misc/lv_math.h:49:45:lv_trigo_cos	16	static
c:\users\giahu\source\tft\lvgl\src\core\lv_obj_pos.h:199:20:lv_obj_center	16	static
C:/Users/giahu/source/TFT/lvgl/src/core/lv_obj_style.h:92:20:lv_obj_remove_style_all	16	static
C:/Users/giahu/source/TFT/lvgl/src/core/lv_disp.h:162:26:lv_scr_act	8	static
../lvgl/examples/event/lv_example_event_4.c:8:13:timer_cb	24	static
../lvgl/examples/event/lv_example_event_4.c:27:13:event_cb	224	static
../lvgl/examples/event/lv_example_event_4.c:51:6:lv_example_event_4	16	static
