c:\users\giahu\source\tft\lvgl\src\misc\lv_color.h:592:26:lv_color_make	16	static
c:\users\giahu\source\tft\lvgl\src\misc\lv_color.h:693:26:lv_color_white	8	static
c:\users\giahu\source\tft\lvgl\src\misc\lv_style.h:476:20:lv_style_set_pad_all	16	static
c:\users\giahu\source\tft\lvgl\src\core\lv_obj_pos.h:199:20:lv_obj_center	16	static
C:/Users/giahu/source/TFT/lvgl/src/core/lv_obj_style.h:92:20:lv_obj_remove_style_all	16	static
C:/Users/giahu/source/TFT/lvgl/src/core/lv_disp.h:162:26:lv_scr_act	8	static
../lvgl/examples/widgets/btn/lv_example_btn_2.c:7:6:lv_example_btn_2	24	static
