C:/Users/giahu/source/TFT/lvgl/src/misc/lv_anim.h:121:20:lv_anim_set_var	16	static
C:/Users/giahu/source/TFT/lvgl/src/misc/lv_anim.h:133:20:lv_anim_set_exec_cb	16	static
C:/Users/giahu/source/TFT/lvgl/src/misc/lv_anim.h:143:20:lv_anim_set_time	16	static
C:/Users/giahu/source/TFT/lvgl/src/misc/lv_anim.h:164:20:lv_anim_set_values	24	static
C:/Users/giahu/source/TFT/lvgl/src/misc/lv_anim.h:252:20:lv_anim_set_repeat_count	16	static
C:/Users/giahu/source/TFT/lvgl/src/misc/lv_anim.h:262:20:lv_anim_set_repeat_delay	16	static
c:\users\giahu\source\tft\lvgl\src\core\lv_obj_pos.h:199:20:lv_obj_center	16	static
C:/Users/giahu/source/TFT/lvgl/src/core/lv_disp.h:162:26:lv_scr_act	8	static
../lvgl/examples/widgets/arc/lv_example_arc_2.c:5:13:set_angle	16	static
../lvgl/examples/widgets/arc/lv_example_arc_2.c:13:6:lv_example_arc_2	80	static
