c:\users\giahu\source\tft\lvgl\src\misc\lv_area.h:123:26:lv_area_get_width	16	static
c:\users\giahu\source\tft\lvgl\src\core\lv_obj_pos.h:199:20:lv_obj_center	16	static
C:/Users/giahu/source/TFT/lvgl/src/core/lv_disp.h:162:26:lv_scr_act	8	static
C:/Users/giahu/source/TFT/lvgl/src/widgets/lv_slider.h:84:20:lv_slider_set_value	24	static
C:/Users/giahu/source/TFT/lvgl/src/widgets/lv_slider.h:95:20:lv_slider_set_left_value	24	static
C:/Users/giahu/source/TFT/lvgl/src/widgets/lv_slider.h:116:20:lv_slider_set_mode	16	static
C:/Users/giahu/source/TFT/lvgl/src/widgets/lv_slider.h:130:23:lv_slider_get_value	16	static
C:/Users/giahu/source/TFT/lvgl/src/widgets/lv_slider.h:140:23:lv_slider_get_left_value	16	static
../lvgl/examples/widgets/slider/lv_example_slider_3.c:10:6:lv_example_slider_3	16	static
../lvgl/examples/widgets/slider/lv_example_slider_3.c:25:13:slider_event_cb	120	static
